2023-02-12 21:41:49.337 [info] Extension host with pid 12920 started
2023-02-12 21:41:49.414 [info] ExtensionService#_doActivateExtension vscode.emmet, startup: false, activationEvent: 'onLanguage'
2023-02-12 21:41:49.415 [info] ExtensionService#_doActivateExtension cschlosser.doxdocgen, startup: false, activationEvent: 'onLanguage:cpp'
2023-02-12 21:41:50.338 [info] ExtensionService#_doActivateExtension ms-vscode.cpptools, startup: false, activationEvent: 'onLanguage:cpp'
2023-02-12 21:41:50.403 [info] ExtensionService#_doActivateExtension vscode.github-authentication, startup: false, activationEvent: 'onAuthenticationRequest:github'
2023-02-12 21:41:50.404 [info] ExtensionService#_doActivateExtension vscode.git-base, startup: true, activationEvent: '*', root cause: vscode.git
2023-02-12 21:41:50.405 [info] ExtensionService#_doActivateExtension YouMayCallMeV.vscode-java-saber, startup: true, activationEvent: '*'
2023-02-12 21:41:50.895 [info] ExtensionService#_doActivateExtension zhoufeng.pyqt-integration, startup: true, activationEvent: '*'
2023-02-12 21:41:51.027 [info] ExtensionService#_doActivateExtension vscode.git, startup: true, activationEvent: '*'
2023-02-12 21:41:51.027 [info] ExtensionService#_doActivateExtension vscode.github, startup: true, activationEvent: '*'
2023-02-12 21:41:51.028 [info] ExtensionService#_doActivateExtension vscode.microsoft-authentication, startup: false, activationEvent: 'onAuthenticationRequest:microsoft'
2023-02-12 21:41:51.164 [info] Eager extensions activated
2023-02-12 21:41:51.251 [info] ExtensionService#_doActivateExtension vscode.debug-auto-launch, startup: false, activationEvent: 'onStartupFinished'
2023-02-12 21:41:51.252 [info] ExtensionService#_doActivateExtension vscode.merge-conflict, startup: false, activationEvent: 'onStartupFinished'
2023-02-12 21:41:51.252 [info] ExtensionService#_doActivateExtension ms-vscode-remote.remote-wsl-recommender, startup: false, activationEvent: 'onStartupFinished'
2023-02-12 21:41:51.253 [info] ExtensionService#_doActivateExtension vscode.npm, startup: false, activationEvent: 'onStartupFinished', root cause: esbenp.prettier-vscode
2023-02-12 21:41:51.253 [info] ExtensionService#_doActivateExtension ms-vscode-remote.remote-containers, startup: false, activationEvent: 'onStartupFinished'
2023-02-12 21:41:51.459 [info] ExtensionService#_doActivateExtension ms-vscode-remote.remote-wsl, startup: false, activationEvent: 'onStartupFinished'
2023-02-12 21:41:51.554 [error] No bundle location found for extension ms-vscode-remote.remote-wsl-recommender
2023-02-12 21:41:51.625 [info] ExtensionService#_doActivateExtension esbenp.prettier-vscode, startup: false, activationEvent: 'onStartupFinished'
2023-02-12 21:41:53.209 [warning] DiagnosticCollection with name 'C/C++' does already exist.
2023-02-12 21:42:07.776 [info] ExtensionService#_doActivateExtension batisteo.vscode-django, startup: false, activationEvent: 'onLanguage:python'
2023-02-12 21:42:07.926 [info] ExtensionService#_doActivateExtension KevinRose.vsc-python-indent, startup: false, activationEvent: 'onLanguage:python'
2023-02-12 21:42:07.951 [info] ExtensionService#_doActivateExtension ms-python.python, startup: false, activationEvent: 'onLanguage:python', root cause: ms-python.isort
2023-02-12 21:42:07.951 [info] ExtensionService#_doActivateExtension ms-toolsai.jupyter, startup: false, activationEvent: 'onLanguage:python'
2023-02-12 21:42:07.952 [info] ExtensionService#_doActivateExtension njpwerner.autodocstring, startup: false, activationEvent: 'onLanguage:python'
2023-02-12 21:42:08.105 [info] ExtensionService#_doActivateExtension tht13.python, startup: false, activationEvent: 'onLanguage:python'
2023-02-12 21:42:08.226 [info] ExtensionService#_doActivateExtension VisualStudioExptTeam.intellicode-api-usage-examples, startup: false, activationEvent: 'onLanguage:python'
2023-02-12 21:42:08.382 [info] ExtensionService#_doActivateExtension VisualStudioExptTeam.vscodeintellicode, startup: false, activationEvent: 'onLanguage:python'
2023-02-12 21:42:08.588 [warning] Using default string since no string found in i18n bundle that has the key: You need to select a Python interpreter before you start debugging.

Tip: click on "Select Interpreter" in the status bar.
2023-02-12 21:42:08.588 [warning] Using default string since no string found in i18n bundle that has the key: The Python extension now includes Pylance to improve completions, code navigation, overall performance and much more! You can learn more about the update and learn how to change your language server [here](https://aka.ms/new-python-bundle).

Read Pylance's license [here](https://marketplace.visualstudio.com/items/ms-python.vscode-pylance/license).
2023-02-12 21:42:08.588 [warning] Using default string since no string found in i18n bundle that has the key: The Microsoft Python Language Server has reached end of life. Your language server has been set to the default for Python in VS Code, Pylance.

If you'd like to change your language server, you can learn about how to do so [here](https://devblogs.microsoft.com/python/python-in-visual-studio-code-may-2021-release/#configuring-your-language-server).

Read Pylance's license [here](https://marketplace.visualstudio.com/items/ms-python.vscode-pylance/license).
2023-02-12 21:42:08.747 [warning] Using default string since no string found in i18n bundle that has the key: The security certificate used by server was not issued by a trusted certificate authority.
This may indicate an attempt to steal your information.
2023-02-12 21:42:08.747 [warning] Using default string since no string found in i18n bundle that has the key: The security certificate used by server has expired.
This may indicate an attempt to steal your information.
2023-02-12 21:42:08.747 [warning] Using default string since no string found in i18n bundle that has the key: Python is not installed. 
Please download and install Python in order to execute cells in this notebook.
2023-02-12 21:42:08.747 [warning] Using default string since no string found in i18n bundle that has the key: Please check the 'Jupyter' [output](command:jupyter.viewOutput) panel for further details./Do not translate the text "command:jupyter.viewOutput", that is a command Id that will be used by VS Code to open the output panel
2023-02-12 21:42:08.747 [warning] Using default string since no string found in i18n bundle that has the key: If you have not installed xelatex (TeX) you will need to do so before you can export to PDF, for further instructions please look https://nbconvert.readthedocs.io/en/latest/install.html#installing-tex. 
To avoid installing xelatex (TeX) you might want to try exporting to HTML and using your browsers "Print to PDF" feature.
2023-02-12 21:42:08.747 [warning] Using default string since no string found in i18n bundle that has the key: Jupyter Server Console
2023-02-12 21:42:08.747 [warning] Using default string since no string found in i18n bundle that has the key: Operation not supported in web version of Jupyter Extension.
2023-02-12 21:42:08.747 [warning] Using default string since no string found in i18n bundle that has the key: type to filter
2023-02-12 21:42:08.747 [warning] Using default string since no string found in i18n bundle that has the key: Failed to install the Python Extension.
2023-02-12 21:42:09.359 [info] ExtensionService#_doActivateExtension ms-python.isort, startup: false, activationEvent: 'onLanguage:python'
2023-02-12 21:42:09.428 [info] ExtensionService#_doActivateExtension ms-python.vscode-pylance, startup: false, activationEvent: 'onLanguage:python'
2023-02-12 21:46:26.277 [info] ExtensionService#_doActivateExtension donjayamanne.python-environment-manager, startup: false, activationEvent: 'onView:pythonEnvironments'
2023-02-12 21:46:28.246 [info] ExtensionService#_doActivateExtension ms-toolsai.vscode-jupyter-cell-tags, startup: false, activationEvent: 'onView:cell-tag'
2023-02-12 21:50:14.256 [info] Extension host terminating: renderer closed the MessagePort
2023-02-12 21:50:14.350 [info] Extension host with pid 12920 exiting with code 0
